Processing file: ./examples/sample_exe64.elf
Function: main
File: z.c
Line: 3
