Processing file: ./examples/sample_exe64.elf
  Found a compile unit at offset 0, length 115
  Found a compile unit at offset 119, length 135
   DIE DW_TAG_variable. attr DW_AT_location.
      (DW_OP_addr: 400608)
  Found a compile unit at offset 258, length 156
   DIE DW_TAG_subprogram. attr DW_AT_frame_base.
      LocationEntry(entry_offset=0, begin_offset=0, end_offset=1, loc_expr=[119, 8]) <<(DW_OP_breg7 (rsp): 8)>>
      LocationEntry(entry_offset=20, begin_offset=1, end_offset=4, loc_expr=[119, 16]) <<(DW_OP_breg7 (rsp): 16)>>
      LocationEntry(entry_offset=40, begin_offset=4, end_offset=43, loc_expr=[118, 16]) <<(DW_OP_breg6 (rbp): 16)>>
   DIE DW_TAG_formal_parameter. attr DW_AT_location.
      (DW_OP_fbreg: -20)
   DIE DW_TAG_formal_parameter. attr DW_AT_location.
      (DW_OP_fbreg: -32)
   DIE DW_TAG_variable. attr DW_AT_location.
      (DW_OP_addr: 601018)
  Found a compile unit at offset 418, length 300
   DIE DW_TAG_subprogram. attr DW_AT_frame_base.
      (DW_OP_breg7 (rsp): 8)
   DIE DW_TAG_subprogram. attr DW_AT_frame_base.
      LocationEntry(entry_offset=76, begin_offset=16, end_offset=64, loc_expr=[119, 8]) <<(DW_OP_breg7 (rsp): 8)>>
      LocationEntry(entry_offset=96, begin_offset=64, end_offset=153, loc_expr=[119, 192, 0]) <<(DW_OP_breg7 (rsp): 64)>>
   DIE DW_TAG_formal_parameter. attr DW_AT_location.
      LocationEntry(entry_offset=133, begin_offset=16, end_offset=85, loc_expr=[85]) <<(DW_OP_reg5 (rdi))>>
      LocationEntry(entry_offset=152, begin_offset=85, end_offset=143, loc_expr=[94]) <<(DW_OP_reg14 (r14))>>
   DIE DW_TAG_formal_parameter. attr DW_AT_location.
      LocationEntry(entry_offset=187, begin_offset=16, end_offset=85, loc_expr=[84]) <<(DW_OP_reg4 (rsi))>>
      LocationEntry(entry_offset=206, begin_offset=85, end_offset=138, loc_expr=[93]) <<(DW_OP_reg13 (r13))>>
   DIE DW_TAG_formal_parameter. attr DW_AT_location.
      LocationEntry(entry_offset=241, begin_offset=16, end_offset=85, loc_expr=[81]) <<(DW_OP_reg1 (rdx))>>
      LocationEntry(entry_offset=260, begin_offset=85, end_offset=133, loc_expr=[92]) <<(DW_OP_reg12 (r12))>>
   DIE DW_TAG_variable. attr DW_AT_location.
      LocationEntry(entry_offset=295, begin_offset=92, end_offset=123, loc_expr=[83]) <<(DW_OP_reg3 (rbx))>>
