Processing file: ./examples/sample_exe64.elf
  Found a compile unit at offset 0, length 115
    Top DIE with tag=DW_TAG_compile_unit
    name=/usr/src/packages/BUILD/glibc-2.11.1/csu/../sysdeps/x86_64/elf/start.S
    DIE tag=DW_TAG_compile_unit
  Found a compile unit at offset 119, length 135
    Top DIE with tag=DW_TAG_compile_unit
    name=/usr/src/packages/BUILD/glibc-2.11.1/csu/init.c
    DIE tag=DW_TAG_compile_unit
      DIE tag=DW_TAG_base_type
      DIE tag=DW_TAG_base_type
      DIE tag=DW_TAG_base_type
      DIE tag=DW_TAG_base_type
      DIE tag=DW_TAG_base_type
      DIE tag=DW_TAG_base_type
      DIE tag=DW_TAG_base_type
      DIE tag=DW_TAG_base_type
      DIE tag=DW_TAG_base_type
      DIE tag=DW_TAG_base_type
      DIE tag=DW_TAG_variable
      DIE tag=DW_TAG_const_type
  Found a compile unit at offset 258, length 156
    Top DIE with tag=DW_TAG_compile_unit
    name=/tmp/ebenders/z.c
    DIE tag=DW_TAG_compile_unit
      DIE tag=DW_TAG_subprogram
        DIE tag=DW_TAG_formal_parameter
        DIE tag=DW_TAG_formal_parameter
      DIE tag=DW_TAG_base_type
      DIE tag=DW_TAG_pointer_type
      DIE tag=DW_TAG_pointer_type
      DIE tag=DW_TAG_base_type
      DIE tag=DW_TAG_variable
  Found a compile unit at offset 418, length 300
    Top DIE with tag=DW_TAG_compile_unit
    name=/usr/src/packages/BUILD/glibc-2.11.1/csu/elf-init.c
    DIE tag=DW_TAG_compile_unit
      DIE tag=DW_TAG_base_type
      DIE tag=DW_TAG_typedef
      DIE tag=DW_TAG_base_type
      DIE tag=DW_TAG_base_type
      DIE tag=DW_TAG_subprogram
      DIE tag=DW_TAG_subprogram
        DIE tag=DW_TAG_formal_parameter
        DIE tag=DW_TAG_formal_parameter
        DIE tag=DW_TAG_formal_parameter
        DIE tag=DW_TAG_variable
        DIE tag=DW_TAG_lexical_block
          DIE tag=DW_TAG_variable
      DIE tag=DW_TAG_pointer_type
      DIE tag=DW_TAG_pointer_type
      DIE tag=DW_TAG_base_type
      DIE tag=DW_TAG_const_type
      DIE tag=DW_TAG_array_type
        DIE tag=DW_TAG_subrange_type
      DIE tag=DW_TAG_subroutine_type
        DIE tag=DW_TAG_formal_parameter
        DIE tag=DW_TAG_formal_parameter
        DIE tag=DW_TAG_formal_parameter
      DIE tag=DW_TAG_pointer_type
      DIE tag=DW_TAG_variable
      DIE tag=DW_TAG_variable
