Processing file: ./examples/sample_exe64.elf
  Found a compile unit at offset 0, length 115
    Top DIE with tag=DW_TAG_compile_unit
    name=/usr/src/packages/BUILD/glibc-2.11.1/csu/../sysdeps/x86_64/elf/start.S
  Found a compile unit at offset 119, length 135
    Top DIE with tag=DW_TAG_compile_unit
    name=/usr/src/packages/BUILD/glibc-2.11.1/csu/init.c
  Found a compile unit at offset 258, length 156
    Top DIE with tag=DW_TAG_compile_unit
    name=/tmp/ebenders/z.c
  Found a compile unit at offset 418, length 300
    Top DIE with tag=DW_TAG_compile_unit
    name=/usr/src/packages/BUILD/glibc-2.11.1/csu/elf-init.c
